// Jest Snapshot v1, https://goo.gl/fbAQLP

exports[`Breadcrumbs: should compile breadcrumbs for a entrypoint' 1`] = `"Modules"`;

exports[`Breadcrumbs: should compile breadcrumbs for a module' 1`] = `"[Modules](../modules.md) / reflections"`;

exports[`Breadcrumbs: should compile breadcrumbs for a reflection' 1`] = `"[Modules](../modules.md) / [reflections](../modules/reflections.md) / ReflectionClass"`;
