// Jest Snapshot v1, https://goo.gl/fbAQLP

exports[`Comments: should allow html in comments' 1`] = `
"<p>
You can write <strong>HTML</strong> tags directly in <a href=\\"comments\\">comments</a>
</p>
<ul>
<li>List item</li>
</ul>"
`;

exports[`Comments: should build @link reference' 1`] = `
"- [\`CommentClass\`](RelativeUrlComponent(reflection.url))
- [CommentClass.comment](RelativeUrlComponent(reflection.url))
- {@link unknownA}
- [commentsInReturn](RelativeUrlComponent(reflection.url))
- [Google](https://www.google.com)
- [GitHub](https://github.com)"
`;

exports[`Comments: should convert comments with tags' 1`] = `
"**\`name\`** Tag description on same line

**\`description\`**
Tag description on new line

- Tag description on another line

**\`deprecated\`**
Another tag description"
`;

exports[`Comments: should convert symbols brackets to symbol links' 1`] = `
"Additionally you can link to other classes, members or functions using double square brackets.

- [CommentClass](RelativeUrlComponent(reflection.url))
- [commentsInReturn](RelativeUrlComponent(reflection.url))
- [[unknownB]]"
`;
